
> teaballoon@0.1.0 build
> next build

  Γû▓ Next.js 14.2.15
  - Environments: .env.local

   Creating an optimized production build ...
 Γ£ô Compiled successfully
   Linting and checking validity of types ...
node.exe : Failed to compile.
At C:\Program Files\nodejs\npm.ps1:29 char:3
+   & $NODE_EXE $NPM_CLI_JS $args
+   ~~~~~~~~~~~~~~~~~~~~~~~~~~~~~
    + CategoryInfo          : NotSpecified: (Failed to compile.:String) [], Remot 
   eException
    + FullyQualifiedErrorId : NativeCommandError
 

./src/lib/mood.ts:996:137
Type error: Cannot find name 'MoodCategory'.

[0m [90m 994 |[39m     id[33m:[39m 
[32m`mood_variant_${i}`[39m[33m,[39m[0m
[0m [90m 995 |[39m     name[33m:[39m [[32m'Reflective'[39m[33m,[39m 
[32m'Brooding'[39m[33m,[39m [32m'Giddy'[39m[33m,[39m 
[32m'Tender'[39m[33m,[39m [32m'Enraged'[39m[33m,[39m 
[32m'Terrified'[39m[33m,[39m [32m'Chill'[39m[33m,[39m 
[32m'Awestruck'[39m[33m,[39m [32m'Spiteful'[39m[33m,[39m 
[32m'Euphoric'[39m][i [33m%[39m [35m10[39m] [33m+[39m [32m' '[39m 
[33m+[39m (i [33m+[39m [35m1[39m)[33m,[39m[0m
[0m[31m[1m>[22m[39m[90m 996 |[39m     category[33m:[39m 
[[32m'joy'[39m[33m,[39m [32m'sadness'[39m[33m,[39m 
[32m'anger'[39m[33m,[39m [32m'anxiety'[39m[33m,[39m 
[32m'love'[39m[33m,[39m [32m'guilt'[39m[33m,[39m 
[32m'sensitive'[39m[33m,[39m [32m'disgust'[39m[33m,[39m 
[32m'apathy'[39m[33m,[39m [32m'chaos'[39m[33m,[39m 
[32m'surprise'[39m][i [33m%[39m [35m11[39m] [36mas[39m 
[33mMoodCategory[39m[33m,[39m[0m
[0m [90m     |[39m                                                             
                                                                            
[31m[1m^[22m[39m[0m
[0m [90m 997 |[39m     hue[33m:[39m (i [33m*[39m [35m27[39m) [33m%[39m 
[35m360[39m[33m,[39m[0m
[0m [90m 998 |[39m     baseSat[33m:[39m [35m50[39m [33m+[39m (i 
[33m%[39m [35m40[39m)[33m,[39m[0m
[0m [90m 999 |[39m     baseLight[33m:[39m [35m30[39m [33m+[39m (i 
[33m%[39m [35m50[39m)[33m,[39m[0m
